
> real-estate-frontend@1.0.0 build
> vite build

[36mvite v4.5.14 [32mbuilding for production...[36m[39m
transforming...
[32mΓ£ô[39m 90 modules transformed.
[32mΓ£ô built in 1.91s[39m
node.exe : [31mCould not resolve 
"../../context/AuthContext" from "s
rc/pages/GoogleAuthSuccess.jsx"[39
m
At line:1 char:1
+ & "C:\Program 
Files\nodejs/node.exe" "C:\Program 
Files\nodejs/node_mo ...
+ ~~~~~~~~~~~~~~~~~~~~~~~~~~~~~~~~~
~~~~~~~~~~~~~~~~~~~~~~~~~~~~~~~~~~~
~
    + CategoryInfo          : NotS 
   pecified: ([31mCould not ...c  
  cess.jsx"[39m:String) [], Rem   
 oteException
    + FullyQualifiedErrorId : Nati 
   veCommandError
 
file: [36mD:/OneDrive/Desktop/real
-estate-app-fixed/frontend/src/page
s/GoogleAuthSuccess.jsx[39m
[31merror during build:
RollupError: Could not resolve 
"../../context/AuthContext" from 
"src/pages/GoogleAuthSuccess.jsx"
    at error (file:///D:/OneDrive/D
esktop/real-estate-app-fixed/fronte
nd/node_modules/rollup/dist/es/shar
ed/node-entry.js:2287:30)
    at ModuleLoader.handleInvalidRe
solvedId (file:///D:/OneDrive/Deskt
op/real-estate-app-fixed/frontend/n
ode_modules/rollup/dist/es/shared/n
ode-entry.js:24860:24)
    at file:///D:/OneDrive/Desktop/
real-estate-app-fixed/frontend/node
_modules/rollup/dist/es/shared/node
-entry.js:24822:26[39m
